  Determining projects to restore...
  All projects are up-to-date for restore.
  KBMS.Models -> /Users/lechautranphat/Desktop/KBMS/KBMS.Models/bin/Debug/net8.0/KBMS.Models.dll
  KBMS.Storage -> /Users/lechautranphat/Desktop/KBMS/KBMS.Storage/bin/Debug/net8.0/KBMS.Storage.dll
  KBMS.Parser -> /Users/lechautranphat/Desktop/KBMS/KBMS.Parser/bin/Debug/net8.0/KBMS.Parser.dll
  KBMS.Reasoning -> /Users/lechautranphat/Desktop/KBMS/KBMS.Reasoning/bin/Debug/net8.0/KBMS.Reasoning.dll
  KBMS.Network -> /Users/lechautranphat/Desktop/KBMS/KBMS.Network/bin/Debug/net8.0/KBMS.Network.dll
  KBMS.Knowledge -> /Users/lechautranphat/Desktop/KBMS/KBMS.Knowledge/bin/Debug/net8.0/KBMS.Knowledge.dll
  KBMS.CLI -> /Users/lechautranphat/Desktop/KBMS/KBMS.CLI/bin/Debug/net8.0/KBMS.CLI.dll
  KBMS.Server -> /Users/lechautranphat/Desktop/KBMS/KBMS.Server/bin/Debug/net8.0/KBMS.Server.dll
/Users/lechautranphat/Desktop/KBMS/KBMS.Tests/ParserTests.cs(11,7): warning CS0105: The using directive for 'KBMS.Parser.Ast.Kdl' appeared previously in this namespace [/Users/lechautranphat/Desktop/KBMS/KBMS.Tests/KBMS.Tests.csproj]
/Users/lechautranphat/Desktop/KBMS/KBMS.Tests/ParserTests.cs(12,7): warning CS0105: The using directive for 'KBMS.Parser.Ast.Kml' appeared previously in this namespace [/Users/lechautranphat/Desktop/KBMS/KBMS.Tests/KBMS.Tests.csproj]
/Users/lechautranphat/Desktop/KBMS/KBMS.Tests/ParserTests.cs(13,7): warning CS0105: The using directive for 'KBMS.Parser.Ast.Kql' appeared previously in this namespace [/Users/lechautranphat/Desktop/KBMS/KBMS.Tests/KBMS.Tests.csproj]
/Users/lechautranphat/Desktop/KBMS/KBMS.Tests/ParserTests.cs(14,7): warning CS0105: The using directive for 'KBMS.Parser.Ast.Kcl' appeared previously in this namespace [/Users/lechautranphat/Desktop/KBMS/KBMS.Tests/KBMS.Tests.csproj]
/Users/lechautranphat/Desktop/KBMS/KBMS.Tests/ParserTests.cs(15,7): warning CS0105: The using directive for 'KBMS.Parser.Ast.Tcl' appeared previously in this namespace [/Users/lechautranphat/Desktop/KBMS/KBMS.Tests/KBMS.Tests.csproj]
/Users/lechautranphat/Desktop/KBMS/KBMS.Tests/GenHexForDocs.cs(13,24): warning CS7022: The entry point of the program is global code; ignoring 'GenHexForDocs.Main()' entry point. [/Users/lechautranphat/Desktop/KBMS/KBMS.Tests/KBMS.Tests.csproj]
/Users/lechautranphat/Desktop/KBMS/KBMS.Tests/MinimalTest.cs(17,30): warning CS7022: The entry point of the program is global code; ignoring 'MinimalTest.Main()' entry point. [/Users/lechautranphat/Desktop/KBMS/KBMS.Tests/KBMS.Tests.csproj]
/Users/lechautranphat/Desktop/KBMS/KBMS.Tests/MinimalTest2.cs(17,30): warning CS7022: The entry point of the program is global code; ignoring 'MinimalTest2.Main()' entry point. [/Users/lechautranphat/Desktop/KBMS/KBMS.Tests/KBMS.Tests.csproj]
/Users/lechautranphat/.nuget/packages/microsoft.net.test.sdk/17.8.0/build/netcoreapp3.1/Microsoft.NET.Test.Sdk.Program.cs(4,41): warning CS7022: The entry point of the program is global code; ignoring 'AutoGeneratedProgram.Main(string[])' entry point. [/Users/lechautranphat/Desktop/KBMS/KBMS.Tests/KBMS.Tests.csproj]
/Users/lechautranphat/Desktop/KBMS/KBMS.Tests/ComplexScenarioTests.cs(25,16): warning CS8618: Non-nullable field '_server' must contain a non-null value when exiting constructor. Consider adding the 'required' modifier or declaring the field as nullable. [/Users/lechautranphat/Desktop/KBMS/KBMS.Tests/KBMS.Tests.csproj]
/Users/lechautranphat/Desktop/KBMS/KBMS.Tests/ComplexScenarioTests.cs(25,16): warning CS8618: Non-nullable field '_cli' must contain a non-null value when exiting constructor. Consider adding the 'required' modifier or declaring the field as nullable. [/Users/lechautranphat/Desktop/KBMS/KBMS.Tests/KBMS.Tests.csproj]
/Users/lechautranphat/Desktop/KBMS/KBMS.Tests/CliServerIntegrationTests.cs(104,23): warning CS1998: This async method lacks 'await' operators and will run synchronously. Consider using the 'await' operator to await non-blocking API calls, or 'await Task.Run(...)' to do CPU-bound work on a background thread. [/Users/lechautranphat/Desktop/KBMS/KBMS.Tests/KBMS.Tests.csproj]
/Users/lechautranphat/Desktop/KBMS/KBMS.Tests/BackupRestoreTests.cs(52,33): warning CS8600: Converting null literal or possible null value to non-nullable type. [/Users/lechautranphat/Desktop/KBMS/KBMS.Tests/KBMS.Tests.csproj]
/Users/lechautranphat/Desktop/KBMS/KBMS.Tests/BackupRestoreTests.cs(58,20): warning CS8603: Possible null reference return. [/Users/lechautranphat/Desktop/KBMS/KBMS.Tests/KBMS.Tests.csproj]
/Users/lechautranphat/Desktop/KBMS/KBMS.Tests/EdgeCaseReasoningTests.cs(23,16): warning CS8618: Non-nullable field '_server' must contain a non-null value when exiting constructor. Consider adding the 'required' modifier or declaring the field as nullable. [/Users/lechautranphat/Desktop/KBMS/KBMS.Tests/KBMS.Tests.csproj]
/Users/lechautranphat/Desktop/KBMS/KBMS.Tests/EdgeCaseReasoningTests.cs(23,16): warning CS8618: Non-nullable field '_cli' must contain a non-null value when exiting constructor. Consider adding the 'required' modifier or declaring the field as nullable. [/Users/lechautranphat/Desktop/KBMS/KBMS.Tests/KBMS.Tests.csproj]
/Users/lechautranphat/Desktop/KBMS/KBMS.Tests/EdgeCaseReasoningTests.cs(23,16): warning CS8618: Non-nullable field '_dataDir' must contain a non-null value when exiting constructor. Consider adding the 'required' modifier or declaring the field as nullable. [/Users/lechautranphat/Desktop/KBMS/KBMS.Tests/KBMS.Tests.csproj]
/Users/lechautranphat/Desktop/KBMS/KBMS.Tests/ComplexScenarioTests.cs(52,17): warning CS8602: Dereference of a possibly null reference. [/Users/lechautranphat/Desktop/KBMS/KBMS.Tests/KBMS.Tests.csproj]
/Users/lechautranphat/Desktop/KBMS/KBMS.Tests/ExhaustiveReasoningTests.cs(141,24): warning CS8602: Dereference of a possibly null reference. [/Users/lechautranphat/Desktop/KBMS/KBMS.Tests/KBMS.Tests.csproj]
/Users/lechautranphat/Desktop/KBMS/KBMS.Tests/ExhaustiveReasoningTests.cs(153,24): warning CS8602: Dereference of a possibly null reference. [/Users/lechautranphat/Desktop/KBMS/KBMS.Tests/KBMS.Tests.csproj]
/Users/lechautranphat/Desktop/KBMS/KBMS.Tests/ExhaustiveReasoningTests.cs(84,20): warning CS8602: Dereference of a possibly null reference. [/Users/lechautranphat/Desktop/KBMS/KBMS.Tests/KBMS.Tests.csproj]
/Users/lechautranphat/Desktop/KBMS/KBMS.Tests/ComplexScenarioTests.cs(91,54): warning CS8602: Dereference of a possibly null reference. [/Users/lechautranphat/Desktop/KBMS/KBMS.Tests/KBMS.Tests.csproj]
/Users/lechautranphat/Desktop/KBMS/KBMS.Tests/ExhaustiveReasoningTests.cs(16,27): warning CS8618: Non-nullable property 'Server' must contain a non-null value when exiting constructor. Consider adding the 'required' modifier or declaring the property as nullable. [/Users/lechautranphat/Desktop/KBMS/KBMS.Tests/KBMS.Tests.csproj]
/Users/lechautranphat/Desktop/KBMS/KBMS.Tests/ExhaustiveReasoningTests.cs(17,20): warning CS8618: Non-nullable property 'RootCli' must contain a non-null value when exiting constructor. Consider adding the 'required' modifier or declaring the property as nullable. [/Users/lechautranphat/Desktop/KBMS/KBMS.Tests/KBMS.Tests.csproj]
/Users/lechautranphat/Desktop/KBMS/KBMS.Tests/ExhaustiveReasoningTests.cs(18,24): warning CS8618: Non-nullable field '_dataDir' must contain a non-null value when exiting constructor. Consider adding the 'required' modifier or declaring the field as nullable. [/Users/lechautranphat/Desktop/KBMS/KBMS.Tests/KBMS.Tests.csproj]
/Users/lechautranphat/Desktop/KBMS/KBMS.Tests/ComplexScenarioTests.cs(110,52): warning CS8602: Dereference of a possibly null reference. [/Users/lechautranphat/Desktop/KBMS/KBMS.Tests/KBMS.Tests.csproj]
/Users/lechautranphat/Desktop/KBMS/KBMS.Tests/ComplexScenarioTests.cs(131,53): warning CS8602: Dereference of a possibly null reference. [/Users/lechautranphat/Desktop/KBMS/KBMS.Tests/KBMS.Tests.csproj]
/Users/lechautranphat/Desktop/KBMS/KBMS.Tests/GenHexForDocs.cs(44,34): warning CS8604: Possible null reference argument for parameter 'page' in 'SlottedPage.SlottedPage(Page page)'. [/Users/lechautranphat/Desktop/KBMS/KBMS.Tests/KBMS.Tests.csproj]
/Users/lechautranphat/Desktop/KBMS/KBMS.Tests/EdgeCaseReasoningTests.cs(76,46): warning CS8602: Dereference of a possibly null reference. [/Users/lechautranphat/Desktop/KBMS/KBMS.Tests/KBMS.Tests.csproj]
/Users/lechautranphat/Desktop/KBMS/KBMS.Tests/ComplexScenarioTests.cs(155,54): warning CS8602: Dereference of a possibly null reference. [/Users/lechautranphat/Desktop/KBMS/KBMS.Tests/KBMS.Tests.csproj]
/Users/lechautranphat/Desktop/KBMS/KBMS.Tests/EdgeCaseReasoningTests.cs(93,46): warning CS8602: Dereference of a possibly null reference. [/Users/lechautranphat/Desktop/KBMS/KBMS.Tests/KBMS.Tests.csproj]
/Users/lechautranphat/Desktop/KBMS/KBMS.Tests/EdgeCaseReasoningTests.cs(108,45): warning CS8602: Dereference of a possibly null reference. [/Users/lechautranphat/Desktop/KBMS/KBMS.Tests/KBMS.Tests.csproj]
/Users/lechautranphat/Desktop/KBMS/KBMS.Tests/EdgeCaseReasoningTests.cs(135,46): warning CS8602: Dereference of a possibly null reference. [/Users/lechautranphat/Desktop/KBMS/KBMS.Tests/KBMS.Tests.csproj]
/Users/lechautranphat/Desktop/KBMS/KBMS.Tests/EdgeCaseReasoningTests.cs(149,45): warning CS8602: Dereference of a possibly null reference. [/Users/lechautranphat/Desktop/KBMS/KBMS.Tests/KBMS.Tests.csproj]
/Users/lechautranphat/Desktop/KBMS/KBMS.Tests/LoadAndStressTests.cs(21,16): warning CS8618: Non-nullable field '_server' must contain a non-null value when exiting constructor. Consider adding the 'required' modifier or declaring the field as nullable. [/Users/lechautranphat/Desktop/KBMS/KBMS.Tests/KBMS.Tests.csproj]
/Users/lechautranphat/Desktop/KBMS/KBMS.Tests/LoadAndStressTests.cs(35,32): warning CS1998: This async method lacks 'await' operators and will run synchronously. Consider using the 'await' operator to await non-blocking API calls, or 'await Task.Run(...)' to do CPU-bound work on a background thread. [/Users/lechautranphat/Desktop/KBMS/KBMS.Tests/KBMS.Tests.csproj]
/Users/lechautranphat/Desktop/KBMS/KBMS.Tests/KnowledgeUpdateTests.cs(61,22): warning CS8602: Dereference of a possibly null reference. [/Users/lechautranphat/Desktop/KBMS/KBMS.Tests/KBMS.Tests.csproj]
/Users/lechautranphat/Desktop/KBMS/KBMS.Tests/KnowledgeUpdateTests.cs(65,27): warning CS8602: Dereference of a possibly null reference. [/Users/lechautranphat/Desktop/KBMS/KBMS.Tests/KBMS.Tests.csproj]
/Users/lechautranphat/Desktop/KBMS/KBMS.Tests/KnowledgeUpdateTests.cs(66,31): warning CS8602: Dereference of a possibly null reference. [/Users/lechautranphat/Desktop/KBMS/KBMS.Tests/KBMS.Tests.csproj]
/Users/lechautranphat/Desktop/KBMS/KBMS.Tests/KnowledgeUpdateTests.cs(66,25): warning CS8605: Unboxing a possibly null value. [/Users/lechautranphat/Desktop/KBMS/KBMS.Tests/KBMS.Tests.csproj]
/Users/lechautranphat/Desktop/KBMS/KBMS.Tests/BackupRestoreTests.cs(109,26): error CS1061: 'KnowledgeManager' does not contain a definition for 'ListKbs' and no accessible extension method 'ListKbs' accepting a first argument of type 'KnowledgeManager' could be found (are you missing a using directive or an assembly reference?) [/Users/lechautranphat/Desktop/KBMS/KBMS.Tests/KBMS.Tests.csproj]
/Users/lechautranphat/Desktop/KBMS/KBMS.Tests/BackupRestoreTests.cs(106,29): warning CS8602: Dereference of a possibly null reference. [/Users/lechautranphat/Desktop/KBMS/KBMS.Tests/KBMS.Tests.csproj]
/Users/lechautranphat/Desktop/KBMS/KBMS.Tests/BackupRestoreTests.cs(120,29): warning CS8602: Dereference of a possibly null reference. [/Users/lechautranphat/Desktop/KBMS/KBMS.Tests/KBMS.Tests.csproj]
/Users/lechautranphat/Desktop/KBMS/KBMS.Tests/CacheConsistencyTests.cs(118,42): warning CS8602: Dereference of a possibly null reference. [/Users/lechautranphat/Desktop/KBMS/KBMS.Tests/KBMS.Tests.csproj]
/Users/lechautranphat/Desktop/KBMS/KBMS.Tests/CacheConsistencyTests.cs(13,28): warning CS8618: Non-nullable field '_server' must contain a non-null value when exiting constructor. Consider adding the 'required' modifier or declaring the field as nullable. [/Users/lechautranphat/Desktop/KBMS/KBMS.Tests/KBMS.Tests.csproj]
/Users/lechautranphat/Desktop/KBMS/KBMS.Tests/CacheConsistencyTests.cs(14,21): warning CS8618: Non-nullable field '_cli' must contain a non-null value when exiting constructor. Consider adding the 'required' modifier or declaring the field as nullable. [/Users/lechautranphat/Desktop/KBMS/KBMS.Tests/KBMS.Tests.csproj]
/Users/lechautranphat/Desktop/KBMS/KBMS.Tests/CacheConsistencyTests.cs(15,24): warning CS8618: Non-nullable field '_dataDir' must contain a non-null value when exiting constructor. Consider adding the 'required' modifier or declaring the field as nullable. [/Users/lechautranphat/Desktop/KBMS/KBMS.Tests/KBMS.Tests.csproj]
/Users/lechautranphat/Desktop/KBMS/KBMS.Tests/SolveInSelectTests.cs(20,12): warning CS8618: Non-nullable field '_server' must contain a non-null value when exiting constructor. Consider adding the 'required' modifier or declaring the field as nullable. [/Users/lechautranphat/Desktop/KBMS/KBMS.Tests/KBMS.Tests.csproj]
/Users/lechautranphat/Desktop/KBMS/KBMS.Tests/SolveInSelectTests.cs(20,12): warning CS8618: Non-nullable field '_cli' must contain a non-null value when exiting constructor. Consider adding the 'required' modifier or declaring the field as nullable. [/Users/lechautranphat/Desktop/KBMS/KBMS.Tests/KBMS.Tests.csproj]
/Users/lechautranphat/Desktop/KBMS/KBMS.Tests/SolveInSelectTests.cs(20,12): warning CS8618: Non-nullable field '_dataDir' must contain a non-null value when exiting constructor. Consider adding the 'required' modifier or declaring the field as nullable. [/Users/lechautranphat/Desktop/KBMS/KBMS.Tests/KBMS.Tests.csproj]
/Users/lechautranphat/Desktop/KBMS/KBMS.Tests/StorageV3Tests.cs(109,43): warning CS8604: Possible null reference argument for parameter 'page' in 'SlottedPage.SlottedPage(Page page)'. [/Users/lechautranphat/Desktop/KBMS/KBMS.Tests/KBMS.Tests.csproj]
/Users/lechautranphat/Desktop/KBMS/KBMS.Tests/SimpleDebugTests.cs(21,16): warning CS8618: Non-nullable field '_server' must contain a non-null value when exiting constructor. Consider adding the 'required' modifier or declaring the field as nullable. [/Users/lechautranphat/Desktop/KBMS/KBMS.Tests/KBMS.Tests.csproj]
/Users/lechautranphat/Desktop/KBMS/KBMS.Tests/SimpleDebugTests.cs(21,16): warning CS8618: Non-nullable field '_cli' must contain a non-null value when exiting constructor. Consider adding the 'required' modifier or declaring the field as nullable. [/Users/lechautranphat/Desktop/KBMS/KBMS.Tests/KBMS.Tests.csproj]
/Users/lechautranphat/Desktop/KBMS/KBMS.Tests/SimpleDebugTests.cs(54,45): warning CS8602: Dereference of a possibly null reference. [/Users/lechautranphat/Desktop/KBMS/KBMS.Tests/KBMS.Tests.csproj]
/Users/lechautranphat/Desktop/KBMS/KBMS.Tests/SimpleDebugTests.cs(57,42): warning CS8602: Dereference of a possibly null reference. [/Users/lechautranphat/Desktop/KBMS/KBMS.Tests/KBMS.Tests.csproj]
/Users/lechautranphat/Desktop/KBMS/KBMS.Tests/SimpleDebugTests.cs(60,50): warning CS8602: Dereference of a possibly null reference. [/Users/lechautranphat/Desktop/KBMS/KBMS.Tests/KBMS.Tests.csproj]
/Users/lechautranphat/Desktop/KBMS/KBMS.Tests/SimpleDebugTests.cs(63,42): warning CS8602: Dereference of a possibly null reference. [/Users/lechautranphat/Desktop/KBMS/KBMS.Tests/KBMS.Tests.csproj]
/Users/lechautranphat/Desktop/KBMS/KBMS.Tests/SimpleDebugTests.cs(66,46): warning CS8602: Dereference of a possibly null reference. [/Users/lechautranphat/Desktop/KBMS/KBMS.Tests/KBMS.Tests.csproj]
/Users/lechautranphat/Desktop/KBMS/KBMS.Tests/Phase19Tests.cs(25,24): warning CS8600: Converting null literal or possible null value to non-nullable type. [/Users/lechautranphat/Desktop/KBMS/KBMS.Tests/KBMS.Tests.csproj]
/Users/lechautranphat/Desktop/KBMS/KBMS.Tests/Phase19Tests.cs(27,29): warning CS8602: Dereference of a possibly null reference. [/Users/lechautranphat/Desktop/KBMS/KBMS.Tests/KBMS.Tests.csproj]
/Users/lechautranphat/Desktop/KBMS/KBMS.Tests/Phase4UpdateTests.cs(100,40): warning CS8602: Dereference of a possibly null reference. [/Users/lechautranphat/Desktop/KBMS/KBMS.Tests/KBMS.Tests.csproj]
/Users/lechautranphat/Desktop/KBMS/KBMS.Tests/MultiConceptRuleTests.cs(60,46): warning CS8602: Dereference of a possibly null reference. [/Users/lechautranphat/Desktop/KBMS/KBMS.Tests/KBMS.Tests.csproj]
/Users/lechautranphat/Desktop/KBMS/KBMS.Tests/MultiConceptRuleTests.cs(71,47): warning CS8602: Dereference of a possibly null reference. [/Users/lechautranphat/Desktop/KBMS/KBMS.Tests/KBMS.Tests.csproj]
/Users/lechautranphat/Desktop/KBMS/KBMS.Tests/MultiConceptRuleTests.cs(87,46): warning CS8602: Dereference of a possibly null reference. [/Users/lechautranphat/Desktop/KBMS/KBMS.Tests/KBMS.Tests.csproj]
/Users/lechautranphat/Desktop/KBMS/KBMS.Tests/MultiConceptRuleTests.cs(98,47): warning CS8602: Dereference of a possibly null reference. [/Users/lechautranphat/Desktop/KBMS/KBMS.Tests/KBMS.Tests.csproj]
/Users/lechautranphat/Desktop/KBMS/KBMS.Tests/MinimalTest.cs(30,43): warning CS8602: Dereference of a possibly null reference. [/Users/lechautranphat/Desktop/KBMS/KBMS.Tests/KBMS.Tests.csproj]
/Users/lechautranphat/Desktop/KBMS/KBMS.Tests/MinimalTest.cs(32,48): warning CS8602: Dereference of a possibly null reference. [/Users/lechautranphat/Desktop/KBMS/KBMS.Tests/KBMS.Tests.csproj]
/Users/lechautranphat/Desktop/KBMS/KBMS.Tests/MinimalTest.cs(39,51): warning CS8602: Dereference of a possibly null reference. [/Users/lechautranphat/Desktop/KBMS/KBMS.Tests/KBMS.Tests.csproj]
/Users/lechautranphat/Desktop/KBMS/KBMS.Tests/MultiConceptRuleTests.cs(113,46): warning CS8602: Dereference of a possibly null reference. [/Users/lechautranphat/Desktop/KBMS/KBMS.Tests/KBMS.Tests.csproj]
/Users/lechautranphat/Desktop/KBMS/KBMS.Tests/MultiConceptRuleTests.cs(123,47): warning CS8602: Dereference of a possibly null reference. [/Users/lechautranphat/Desktop/KBMS/KBMS.Tests/KBMS.Tests.csproj]
/Users/lechautranphat/Desktop/KBMS/KBMS.Tests/MinimalTest2.cs(36,44): warning CS8602: Dereference of a possibly null reference. [/Users/lechautranphat/Desktop/KBMS/KBMS.Tests/KBMS.Tests.csproj]
/Users/lechautranphat/Desktop/KBMS/KBMS.Tests/MinimalTest2.cs(39,50): warning CS8602: Dereference of a possibly null reference. [/Users/lechautranphat/Desktop/KBMS/KBMS.Tests/KBMS.Tests.csproj]
/Users/lechautranphat/Desktop/KBMS/KBMS.Tests/MinimalTest2.cs(43,53): warning CS8602: Dereference of a possibly null reference. [/Users/lechautranphat/Desktop/KBMS/KBMS.Tests/KBMS.Tests.csproj]
/Users/lechautranphat/Desktop/KBMS/KBMS.Tests/PerformanceBenchmarkV3.cs(209,46): warning CS8618: Non-nullable field 'Source' must contain a non-null value when exiting constructor. Consider adding the 'required' modifier or declaring the field as nullable. [/Users/lechautranphat/Desktop/KBMS/KBMS.Tests/KBMS.Tests.csproj]
/Users/lechautranphat/Desktop/KBMS/KBMS.Tests/PerformanceBenchmarkV3.cs(209,74): warning CS8618: Non-nullable field 'Projections' must contain a non-null value when exiting constructor. Consider adding the 'required' modifier or declaring the field as nullable. [/Users/lechautranphat/Desktop/KBMS/KBMS.Tests/KBMS.Tests.csproj]
/Users/lechautranphat/Desktop/KBMS/KBMS.Tests/PerformanceBenchmarkV3.cs(209,101): warning CS8618: Non-nullable field 'Filter' must contain a non-null value when exiting constructor. Consider adding the 'required' modifier or declaring the field as nullable. [/Users/lechautranphat/Desktop/KBMS/KBMS.Tests/KBMS.Tests.csproj]
/Users/lechautranphat/Desktop/KBMS/KBMS.Tests/ComplexScenarioTests.cs(20,24): warning CS0414: The field 'ComplexScenarioTests._encryptionKey' is assigned but its value is never used [/Users/lechautranphat/Desktop/KBMS/KBMS.Tests/KBMS.Tests.csproj]
/Users/lechautranphat/Desktop/KBMS/KBMS.Tests/DataOperationsV3Tests.cs(157,14): warning xUnit1031: Test methods should not use blocking task operations, as they can cause deadlocks. Use an async test method and await instead. (https://xunit.net/xunit.analyzers/rules/xUnit1031) [/Users/lechautranphat/Desktop/KBMS/KBMS.Tests/KBMS.Tests.csproj]
/Users/lechautranphat/Desktop/KBMS/KBMS.Tests/SchemaV3Tests.cs(72,9): warning xUnit2013: Do not use Assert.Equal() to check for collection size. Use Assert.Empty instead. (https://xunit.net/xunit.analyzers/rules/xUnit2013) [/Users/lechautranphat/Desktop/KBMS/KBMS.Tests/KBMS.Tests.csproj]
/Users/lechautranphat/Desktop/KBMS/KBMS.Tests/MultiConceptRuleTests.cs(58,16): warning xUnit1031: Test methods should not use blocking task operations, as they can cause deadlocks. Use an async test method and await instead. (https://xunit.net/xunit.analyzers/rules/xUnit1031) [/Users/lechautranphat/Desktop/KBMS/KBMS.Tests/KBMS.Tests.csproj]
/Users/lechautranphat/Desktop/KBMS/KBMS.Tests/MultiConceptRuleTests.cs(69,16): warning xUnit1031: Test methods should not use blocking task operations, as they can cause deadlocks. Use an async test method and await instead. (https://xunit.net/xunit.analyzers/rules/xUnit1031) [/Users/lechautranphat/Desktop/KBMS/KBMS.Tests/KBMS.Tests.csproj]
/Users/lechautranphat/Desktop/KBMS/KBMS.Tests/MultiConceptRuleTests.cs(85,16): warning xUnit1031: Test methods should not use blocking task operations, as they can cause deadlocks. Use an async test method and await instead. (https://xunit.net/xunit.analyzers/rules/xUnit1031) [/Users/lechautranphat/Desktop/KBMS/KBMS.Tests/KBMS.Tests.csproj]
/Users/lechautranphat/Desktop/KBMS/KBMS.Tests/MultiConceptRuleTests.cs(96,16): warning xUnit1031: Test methods should not use blocking task operations, as they can cause deadlocks. Use an async test method and await instead. (https://xunit.net/xunit.analyzers/rules/xUnit1031) [/Users/lechautranphat/Desktop/KBMS/KBMS.Tests/KBMS.Tests.csproj]
/Users/lechautranphat/Desktop/KBMS/KBMS.Tests/MultiConceptRuleTests.cs(111,16): warning xUnit1031: Test methods should not use blocking task operations, as they can cause deadlocks. Use an async test method and await instead. (https://xunit.net/xunit.analyzers/rules/xUnit1031) [/Users/lechautranphat/Desktop/KBMS/KBMS.Tests/KBMS.Tests.csproj]
/Users/lechautranphat/Desktop/KBMS/KBMS.Tests/MultiConceptRuleTests.cs(121,16): warning xUnit1031: Test methods should not use blocking task operations, as they can cause deadlocks. Use an async test method and await instead. (https://xunit.net/xunit.analyzers/rules/xUnit1031) [/Users/lechautranphat/Desktop/KBMS/KBMS.Tests/KBMS.Tests.csproj]
