\BOOKMARK [0][-]{chapter*.1}{\376\377\000L\036\334\000I\000\040\000C\036\242\000M\000\040\001\240\000N}{}% 1
\BOOKMARK [0][-]{chapter*.2}{\376\377\000T\000R\000A\000N\000G\000\040\000C\000A\000M\000\040\000K\036\276\000T}{}% 2
\BOOKMARK [0][-]{section*.3}{\376\377\000D\000A\000N\000H\000\040\000M\036\344\000C\000\040\000H\000\314\000N\000H\000\040\036\242\000N\000H}{}% 3
\BOOKMARK [0][-]{section*.5}{\376\377\000D\000A\000N\000H\000\040\000M\036\344\000C\000\040\000B\000I\036\302\000U\000\040\001\020\036\322}{}% 4
\BOOKMARK [0][-]{section*.7}{\376\377\000M\036\344\000C\000\040\000L\036\344\000C}{}% 5
\BOOKMARK [0][-]{chapter.1}{\376\377\000G\000I\036\332\000I\000\040\000T\000H\000I\036\306\000U\000\040\000V\000\300\000\040\000T\036\324\000N\000G\000\040\000Q\000U\000A\000N}{}% 6
\BOOKMARK [1][-]{section.1.1}{\376\377\000L\000\375\000\040\000d\000o\000\040\000c\000h\036\315\000n\000\040\001\021\036\301\000\040\000t\000\340\000i}{chapter.1}% 7
\BOOKMARK [1][-]{section.1.2}{\376\377\000C\001\241\000\040\000s\036\337\000\040\000l\000\375\000\040\000t\000h\000u\000y\036\277\000t\000\040\000v\036\301\000\040\000m\000\364\000\040\000h\000\354\000n\000h\000\040\000C\000O\000K\000B}{chapter.1}% 8
\BOOKMARK [2][-]{subsection.1.2.1}{\376\377\000C\036\245\000u\000\040\000t\000r\000\372\000c\000\040\000t\036\325\000n\000g\000\040\000q\000u\000\341\000t\000\040\000c\036\347\000a\000\040\000m\000\364\000\040\000h\000\354\000n\000h\000\040\000C\000O\000K\000B}{section.1.2}% 9
\BOOKMARK [2][-]{subsection.1.2.2}{\376\377\000M\000\364\000\040\000h\000\354\000n\000h\000\040\001\021\036\321\000i\000\040\000t\001\260\036\343\000n\000g\000\040\000t\000\355\000n\000h\000\040\000t\000o\000\341\000n}{section.1.2}% 10
\BOOKMARK [2][-]{subsection.1.2.3}{\376\377\000C\001\241\000\040\000c\000h\036\277\000\040\000s\000u\000y\000\040\000l\000u\036\255\000n\000\040\000t\000r\000\352\000n\000\040\000m\000\364\000\040\000h\000\354\000n\000h\000\040\000C\000O\000K\000B}{section.1.2}% 11
\BOOKMARK [1][-]{section.1.3}{\376\377\000Y\000\352\000u\000\040\000c\036\247\000u\000\040\001\021\036\321\000i\000\040\000v\036\333\000i\000\040\000m\036\331\000t\000\040\000h\036\307\000\040\000q\000u\036\243\000n\000\040\000t\000r\036\313\000\040\000c\001\241\000\040\000s\036\337\000\040\000t\000r\000i\000\040\000t\000h\036\351\000c\000\040\000d\036\241\000n\000g\000\040\000C\000O\000K\000B}{chapter.1}% 12
\BOOKMARK [1][-]{section.1.4}{\376\377\000C\000\341\000c\000\040\000c\000\364\000n\000g\000\040\000t\000r\000\354\000n\000h\000\040\000n\000g\000h\000i\000\352\000n\000\040\000c\036\351\000u\000\040\000l\000i\000\352\000n\000\040\000q\000u\000a\000n}{chapter.1}% 13
\BOOKMARK [2][-]{subsection.1.4.1}{\376\377\000C\000\341\000c\000\040\000c\000\364\000n\000g\000\040\000t\000r\000\354\000n\000h\000\040\000n\000g\000h\000i\000\352\000n\000\040\000c\036\351\000u\000\040\000v\036\301\000\040\000m\000\364\000\040\000h\000\354\000n\000h\000\040\000C\000O\000K\000B}{section.1.4}% 14
\BOOKMARK [2][-]{subsection.1.4.2}{\376\377\000C\000\341\000c\000\040\000h\036\307\000\040\000q\000u\036\243\000n\000\040\000t\000r\036\313\000\040\000c\001\241\000\040\000s\036\337\000\040\000t\000r\000i\000\040\000t\000h\036\351\000c\000\040\000h\000i\036\307\000n\000\040\000c\000\363}{section.1.4}% 15
\BOOKMARK [1][-]{section.1.5}{\376\377\000N\000h\036\255\000n\000\040\001\021\036\313\000n\000h\000\040\000v\036\301\000\040\000h\036\241\000n\000\040\000c\000h\036\277\000\040\000c\036\347\000a\000\040\000c\000\341\000c\000\040\000g\000i\036\243\000i\000\040\000p\000h\000\341\000p\000\040\000h\000i\036\307\000n\000\040\000t\036\241\000i}{chapter.1}% 16
\BOOKMARK [1][-]{section.1.6}{\376\377\000M\036\345\000c\000\040\000t\000i\000\352\000u\000\040\000c\036\347\000a\000\040\001\021\036\301\000\040\000t\000\340\000i}{chapter.1}% 17
\BOOKMARK [0][-]{chapter.2}{\376\377\000P\000H\000\302\000N\000\040\000T\000\315\000C\000H\000\040\000Y\000\312\000U\000\040\000C\036\246\000U\000\040\000H\036\306\000\040\000T\000H\036\320\000N\000G}{}% 18
\BOOKMARK [1][-]{section.2.1}{\376\377\000P\000h\000\342\000n\000\040\000t\000\355\000c\000h\000\040\000v\000\340\000\040\001\020\036\267\000c\000\040\000t\036\243\000\040\000Y\000\352\000u\000\040\000c\036\247\000u\000\040\000H\036\307\000\040\000t\000h\036\321\000n\000g}{chapter.2}% 19
\BOOKMARK [1][-]{section.2.2}{\376\377\000P\000h\000\342\000n\000\040\000t\000\355\000c\000h\000\040\000v\000\340\000\040\001\020\036\267\000c\000\040\000t\036\243\000\040\000N\000g\000\364\000n\000\040\000n\000g\036\357\000\040\000K\000B\000Q\000L}{chapter.2}% 20
\BOOKMARK [1][-]{section.2.3}{\376\377\000P\000h\000\342\000n\000\040\000t\000\355\000c\000h\000\040\000M\000\364\000\040\000h\000\354\000n\000h\000\040\000T\000h\036\361\000c\000\040\000t\000h\036\303\000\040\000v\000\340\000\040\000T\036\325\000\040\000c\000h\036\351\000c\000\040\000D\036\357\000\040\000l\000i\036\307\000u}{chapter.2}% 21
\BOOKMARK [1][-]{section.2.4}{\376\377\000P\000h\000\342\000n\000\040\000t\000\355\000c\000h\000\040\000L\000u\036\323\000n\000g\000\040\000S\000u\000y\000\040\000d\000i\036\305\000n\000\040\000t\036\361\000\040\001\021\036\331\000n\000g}{chapter.2}% 22
\BOOKMARK [0][-]{chapter.3}{\376\377\000K\000I\036\276\000N\000\040\000T\000R\000\332\000C\000\040\000H\036\306\000\040\000T\000H\036\320\000N\000G}{}% 23
\BOOKMARK [1][-]{section.3.1}{\376\377\000T\036\325\000n\000g\000\040\000q\000u\000a\000n\000\040\000K\000i\036\277\000n\000\040\000t\000r\000\372\000c\000\040\000v\000\340\000\040\000M\000\364\000\040\000h\000\354\000n\000h\000\040\001\020\000i\036\301\000u\000\040\000p\000h\036\321\000i\000\040\000H\036\307\000\040\000t\000h\036\321\000n\000g}{chapter.3}% 24
\BOOKMARK [1][-]{section.3.2}{\376\377\000T\000h\000i\036\277\000t\000\040\000k\036\277\000\040\000L\036\333\000p\000\040\000L\001\260\000u\000\040\000t\000r\036\357\000\040\000\050\000S\000t\000o\000r\000a\000g\000e\000\040\000L\000a\000y\000e\000r\000\051}{chapter.3}% 25
\BOOKMARK [2][-]{subsection.3.2.1}{\376\377\000Q\000u\036\243\000n\000\040\000l\000\375\000\040\000k\000h\000\364\000n\000g\000\040\000g\000i\000a\000n\000\040\001\021\001\051\000a\000\040\000v\036\333\000i\000\040\000S\000l\000o\000t\000t\000e\000d\000\040\000P\000a\000g\000e\000\040\000v\000\340\000\040\000B\000u\000f\000f\000e\000r\000\040\000P\000o\000o\000l}{section.3.2}% 26
\BOOKMARK [2][-]{subsection.3.2.2}{\376\377\000T\036\321\000i\000\040\001\260\000u\000\040\000h\000\363\000a\000\040\000t\000r\000u\000y\000\040\000x\000u\036\245\000t\000\040\000v\036\333\000i\000\040\000c\000h\036\311\000\040\000m\036\345\000c\000\040\000B\000+\000\040\000T\000r\000e\000e}{section.3.2}% 27
\BOOKMARK [2][-]{subsection.3.2.3}{\376\377\001\020\036\243\000m\000\040\000b\036\243\000o\000\040\000t\000o\000\340\000n\000\040\000v\036\271\000n\000\040\000b\036\261\000n\000g\000\040\000W\000A\000L\000\040\000v\000\340\000\040\000F\000u\000l\000l\000\040\000P\000a\000g\000e\000\040\000L\000o\000g\000g\000i\000n\000g}{section.3.2}% 28
\BOOKMARK [1][-]{section.3.3}{\376\377\001\020\036\267\000c\000\040\000t\036\243\000\040\000N\000g\000\364\000n\000\040\000n\000g\036\357\000\040\000v\000\340\000\040\000B\036\331\000\040\000p\000h\000\342\000n\000\040\000t\000\355\000c\000h\000\040\000C\000\372\000\040\000p\000h\000\341\000p\000\040\000\050\000K\000B\000Q\000L\000\040\000L\000a\000y\000e\000r\000\051}{chapter.3}% 29
\BOOKMARK [2][-]{subsection.3.3.1}{\376\377\000C\001\241\000\040\000s\036\337\000\040\000l\000\375\000\040\000t\000h\000u\000y\036\277\000t\000\040\000c\036\347\000a\000\040\000B\036\331\000\040\000p\000h\000\342\000n\000\040\000t\000\355\000c\000h\000\040\000c\000\372\000\040\000p\000h\000\341\000p}{section.3.3}% 30
\BOOKMARK [2][-]{subsection.3.3.2}{\376\377\000H\036\307\000\040\000t\000h\036\321\000n\000g\000\040\000K\000i\036\303\000u\000\040\000D\036\357\000\040\000l\000i\036\307\000u\000\040\000v\000\340\000\040\000H\000\340\000m\000\040\000T\000\355\000c\000h\000\040\000h\036\343\000p}{section.3.3}% 31
\BOOKMARK [2][-]{subsection.3.3.3}{\376\377\001\020\036\267\000c\000\040\000t\036\243\000\040\000C\000\372\000\040\000p\000h\000\341\000p\000\040\000\050\000S\000k\000e\000l\000e\000t\000o\000n\000s\000\051\000\040\000c\000h\000o\000\040\0005\000\040\000P\000h\000\342\000n\000\040\000h\036\307\000\040\000K\000B\000Q\000L}{section.3.3}% 32
\BOOKMARK [2][-]{subsection.3.3.4}{\376\377\001\020\036\267\000c\000\040\000t\036\243\000\040\000b\000\340\000i\000\040\000t\000o\000\341\000n\000\040\036\351\000n\000g\000\040\000d\036\345\000n\000g\000\040\000q\000u\000a\000\040\000n\000g\000\364\000n\000\040\000n\000g\036\357\000\040\000K\000B\000Q\000L}{section.3.3}% 33
\BOOKMARK [1][-]{section.3.4}{\376\377\000K\000i\036\277\000n\000\040\000t\000r\000\372\000c\000\040\000M\036\241\000n\000g\000\040\000S\000u\000y\000\040\000d\000i\036\305\000n\000\040\000R\000e\000t\000e\000\040\000\050\000R\000e\000a\000s\000o\000n\000i\000n\000g\000\040\000L\000a\000y\000e\000r\000\051}{chapter.3}% 34
\BOOKMARK [2][-]{subsection.3.4.1}{\376\377\000C\036\245\000u\000\040\000t\000r\000\372\000c\000\040\000H\000\354\000n\000h\000\040\000h\036\315\000c\000\040\000M\036\241\000n\000g\000\040\000R\000e\000t\000e\000\040\000\050\000R\000e\000t\000e\000\040\000T\000o\000p\000o\000l\000o\000g\000y\000\051}{section.3.4}% 35
\BOOKMARK [2][-]{subsection.3.4.2}{\376\377\000C\001\241\000\040\000c\000h\036\277\000\040\000B\000i\000\352\000n\000\040\000d\036\313\000c\000h\000\040\000v\000\340\000\040\000L\000a\000n\000\040\000t\000r\000u\000y\036\301\000n\000\040\000\050\000C\000o\000m\000p\000i\000l\000a\000t\000i\000o\000n\000\040\000\046\000\040\000P\000r\000o\000p\000a\000g\000a\000t\000i\000o\000n\000\051}{section.3.4}% 36
\BOOKMARK [2][-]{subsection.3.4.3}{\376\377\000Q\000u\036\243\000n\000\040\000l\000\375\000\040\000h\000\340\000n\000g\000\040\001\021\036\343\000i\000\040\000\050\000A\000g\000e\000n\000d\000a\000\051\000\040\000v\000\340\000\040\000C\001\241\000\040\000c\000h\036\277\000\040\001\020\000\363\000n\000g\000\040\000k\000\355\000n\000\040\000\050\000F\000o\000r\000w\000a\000r\000d\000\040\000C\000l\000o\000s\000u\000r\000e\000\051}{section.3.4}% 37
\BOOKMARK [2][-]{subsection.3.4.4}{\376\377\001\020\000\341\000n\000h\000\040\000g\000i\000\341\000\040\000l\000u\036\323\000n\000g\000\040\000t\000h\036\361\000c\000\040\000t\000h\000i\000\040\000t\000h\000u\036\255\000t\000\040\000t\000o\000\341\000n\000\040\000R\000e\000t\000e}{section.3.4}% 38
\BOOKMARK [1][-]{section.3.5}{\376\377\000K\000i\036\277\000n\000\040\000t\000r\000\372\000c\000\040\000M\036\241\000n\000g\000\040\000v\000\340\000\040\000G\000i\000a\000o\000\040\000t\000h\036\351\000c\000\040\000G\000i\000a\000o\000\040\000t\000i\036\277\000p\000\040\000\050\000N\000e\000t\000w\000o\000r\000k\000\040\000L\000a\000y\000e\000r\000\051}{chapter.3}% 39
\BOOKMARK [2][-]{subsection.3.5.1}{\376\377\001\020\036\267\000c\000\040\000t\036\243\000\040\000C\036\245\000u\000\040\000t\000r\000\372\000c\000\040\000G\000\363\000i\000\040\000t\000i\000n\000\040\000N\000h\036\313\000\040\000p\000h\000\342\000n\000\040\000\050\000P\000a\000c\000k\000e\000t\000\040\000A\000r\000c\000h\000i\000t\000e\000c\000t\000u\000r\000e\000\051}{section.3.5}% 40
\BOOKMARK [2][-]{subsection.3.5.2}{\376\377\000H\036\307\000\040\000t\000h\036\321\000n\000g\000\040\001\020\036\313\000n\000h\000\040\000t\000u\000y\036\277\000n\000\040\000T\000h\000\364\000n\000g\000\040\001\021\000i\036\307\000p\000\040\000\050\000M\000e\000s\000s\000a\000g\000e\000\040\000T\000y\000p\000e\000s\000\051}{section.3.5}% 41
\BOOKMARK [2][-]{subsection.3.5.3}{\376\377\000M\000\364\000\040\000h\000\354\000n\000h\000\040\000B\036\245\000t\000\040\001\021\036\323\000n\000g\000\040\000b\036\331\000\040\000v\000\340\000\040\000Q\000u\036\243\000n\000\040\000l\000\375\000\040\001\020\000a\000\040\000p\000h\000i\000\352\000n\000\040\000\050\000C\000o\000n\000c\000u\000r\000r\000e\000n\000c\000y\000\040\000\046\000\040\000S\000e\000s\000s\000i\000o\000n\000s\000\051}{section.3.5}% 42
\BOOKMARK [2][-]{subsection.3.5.4}{\376\377\000K\036\313\000c\000h\000\040\000b\036\243\000n\000\040\000G\000i\000a\000o\000\040\000t\000i\036\277\000p\000\040\000q\000u\000a\000\040\000B\000\340\000i\000\040\000t\000o\000\341\000n\000\040\000H\000\354\000n\000h\000\040\000h\036\315\000c\000\040\000\050\000D\000a\000t\000a\000\040\000S\000t\000r\000e\000a\000m\000i\000n\000g\000\051}{section.3.5}% 43
\BOOKMARK [1][-]{section.3.6}{\376\377\000L\036\333\000p\000\040\036\350\000n\000g\000\040\000d\036\345\000n\000g\000\040\000v\000\340\000\040\000M\000\364\000i\000\040\000t\000r\001\260\036\335\000n\000g\000\040\000K\000h\000a\000i\000\040\000t\000h\000\341\000c\000\040\000\050\000A\000p\000p\000l\000i\000c\000a\000t\000i\000o\000n\000\040\000L\000a\000y\000e\000r\000\051}{chapter.3}% 44
\BOOKMARK [2][-]{subsection.3.6.1}{\376\377\000M\000\364\000i\000\040\000t\000r\001\260\036\335\000n\000g\000\040\000K\000h\000a\000i\000\040\000t\000h\000\341\000c\000\040\000D\000\362\000n\000g\000\040\000l\036\307\000n\000h\000\040\000\050\000K\000B\000M\000S\000\040\000C\000L\000I\000\051}{section.3.6}% 45
\BOOKMARK [2][-]{subsection.3.6.2}{\376\377\000M\000\364\000i\000\040\000t\000r\001\260\036\335\000n\000g\000\040\000P\000h\000\341\000t\000\040\000t\000r\000i\036\303\000n\000\040\000T\000\355\000c\000h\000\040\000h\036\343\000p\000\040\000\050\000K\000B\000M\000S\000\040\000S\000t\000u\000d\000i\000o\000\051}{section.3.6}% 46
\BOOKMARK [0][-]{chapter.4}{\376\377\000K\000I\036\302\000M\000\040\000T\000H\036\354\000\040\000V\000\300\000\040\001\020\000\301\000N\000H\000\040\000G\000I\000\301\000\040\000H\036\306\000\040\000T\000H\036\320\000N\000G}{}% 47
\BOOKMARK [1][-]{section.4.1}{\376\377\000M\000\364\000i\000\040\000t\000r\001\260\036\335\000n\000g\000\040\000v\000\340\000\040\000K\000i\036\303\000m\000\040\000t\000h\036\355}{chapter.4}% 48
\BOOKMARK [2][-]{subsection.4.1.1}{\376\377\000K\000i\036\303\000m\000\040\001\021\036\313\000n\000h\000\040\000T\000r\000\354\000n\000h\000\040\000p\000h\000\342\000n\000\040\000d\036\313\000c\000h\000\040\000v\000\340\000\040\000C\036\245\000u\000\040\000t\000r\000\372\000c\000\040\000l\001\260\000u\000\040\000t\000r\036\357\000\040\000\050\000U\000n\000i\000t\000\040\000T\000e\000s\000t\000i\000n\000g\000\051}{section.4.1}% 49
\BOOKMARK [1][-]{section.4.2}{\376\377\000K\000i\036\303\000m\000\040\000c\000h\036\351\000n\000g\000\040\000s\036\361\000\040\000c\000h\000\355\000n\000h\000\040\000x\000\341\000c\000\040\000c\036\347\000a\000\040\000T\000h\000u\036\255\000t\000\040\000t\000o\000\341\000n\000\040\000S\000u\000y\000\040\000d\000i\036\305\000n}{chapter.4}% 50
\BOOKMARK [1][-]{section.4.3}{\376\377\001\020\000\341\000n\000h\000\040\000g\000i\000\341\000\040\000g\000i\036\333\000i\000\040\000h\036\241\000n\000\040\000c\000h\036\313\000u\000\040\000t\036\243\000i\000\040\000v\036\255\000t\000\040\000l\000\375\000\040\000\050\000S\000t\000r\000e\000s\000s\000\040\000T\000e\000s\000t\000i\000n\000g\000\051}{chapter.4}% 51
\BOOKMARK [1][-]{section.4.4}{\376\377\000T\036\325\000n\000g\000\040\000k\036\277\000t\000\040\000K\036\277\000t\000\040\000q\000u\036\243\000\040\000T\000h\036\361\000c\000\040\000n\000g\000h\000i\036\307\000m}{chapter.4}% 52
\BOOKMARK [0][-]{chapter.5}{\376\377\000K\036\276\000T\000\040\000L\000U\036\254\000N\000\040\000V\000\300\000\040\000H\001\257\036\332\000N\000G\000\040\000P\000H\000\301\000T\000\040\000T\000R\000I\036\302\000N}{}% 53
\BOOKMARK [1][-]{section.5.1}{\376\377\000T\036\325\000n\000g\000\040\000k\036\277\000t\000\040\000n\000h\036\357\000n\000g\000\040\000k\036\277\000t\000\040\000q\000u\036\243\000\040\001\021\036\241\000t\000\040\001\021\001\260\036\343\000c}{chapter.5}% 54
\BOOKMARK [1][-]{section.5.2}{\376\377\000N\000h\036\357\000n\000g\000\040\000m\036\267\000t\000\040\000h\036\241\000n\000\040\000c\000h\036\277\000\040\000c\000\362\000n\000\040\000t\036\323\000n\000\040\000t\036\241\000i}{chapter.5}% 55
\BOOKMARK [1][-]{section.5.3}{\376\377\000H\001\260\036\333\000n\000g\000\040\000p\000h\000\341\000t\000\040\000t\000r\000i\036\303\000n}{chapter.5}% 56
\BOOKMARK [0][-]{chapter*.54}{\376\377\000T\000\300\000I\000\040\000L\000I\036\306\000U\000\040\000T\000H\000A\000M\000\040\000K\000H\036\242\000O}{}% 57
